0 info it worked if it ends with ok
1 verbose cli [ '/Users/escape/.nvm/versions/node/v6.14.4/bin/node',
1 verbose cli   '/Users/escape/.nvm/versions/node/v6.14.4/bin/npm',
1 verbose cli   'run',
1 verbose cli   'serv' ]
2 info using npm@3.10.10
3 info using node@v6.14.4
4 verbose run-script [ 'preserv', 'serv', 'postserv' ]
5 info lifecycle argon@1.0.0~preserv: argon@1.0.0
6 silly lifecycle argon@1.0.0~preserv: no script for preserv, continuing
7 info lifecycle argon@1.0.0~serv: argon@1.0.0
8 verbose lifecycle argon@1.0.0~serv: unsafe-perm in lifecycle true
9 verbose lifecycle argon@1.0.0~serv: PATH: /Users/escape/.nvm/versions/node/v6.14.4/lib/node_modules/npm/bin/node-gyp-bin:/Users/escape/Code/argon-ui/workbench/node_modules/.bin:/Users/escape/.nvm/versions/node/v6.14.4/bin:/usr/local/opt/mozjpeg/bin:/Users/escape/bin:/usr/local/bin:/usr/local/bin:/usr/bin:/bin:/usr/sbin:/sbin
10 verbose lifecycle argon@1.0.0~serv: CWD: /Users/escape/Code/argon-ui/workbench
11 silly lifecycle argon@1.0.0~serv: Args: [ '-c', 'node ./node_modules/gulp/bin/gulp.js serv' ]
12 silly lifecycle argon@1.0.0~serv: Returned: code: 1  signal: null
13 info lifecycle argon@1.0.0~serv: Failed to exec serv script
14 verbose stack Error: argon@1.0.0 serv: `node ./node_modules/gulp/bin/gulp.js serv`
14 verbose stack Exit status 1
14 verbose stack     at EventEmitter.<anonymous> (/Users/escape/.nvm/versions/node/v6.14.4/lib/node_modules/npm/lib/utils/lifecycle.js:255:16)
14 verbose stack     at emitTwo (events.js:106:13)
14 verbose stack     at EventEmitter.emit (events.js:191:7)
14 verbose stack     at ChildProcess.<anonymous> (/Users/escape/.nvm/versions/node/v6.14.4/lib/node_modules/npm/lib/utils/spawn.js:40:14)
14 verbose stack     at emitTwo (events.js:106:13)
14 verbose stack     at ChildProcess.emit (events.js:191:7)
14 verbose stack     at maybeClose (internal/child_process.js:920:16)
14 verbose stack     at Process.ChildProcess._handle.onexit (internal/child_process.js:230:5)
15 verbose pkgid argon@1.0.0
16 verbose cwd /Users/escape/Code/argon-ui/workbench
17 error Darwin 18.0.0
18 error argv "/Users/escape/.nvm/versions/node/v6.14.4/bin/node" "/Users/escape/.nvm/versions/node/v6.14.4/bin/npm" "run" "serv"
19 error node v6.14.4
20 error npm  v3.10.10
21 error code ELIFECYCLE
22 error argon@1.0.0 serv: `node ./node_modules/gulp/bin/gulp.js serv`
22 error Exit status 1
23 error Failed at the argon@1.0.0 serv script 'node ./node_modules/gulp/bin/gulp.js serv'.
23 error Make sure you have the latest version of node.js and npm installed.
23 error If you do, this is most likely a problem with the argon package,
23 error not with npm itself.
23 error Tell the author that this fails on your system:
23 error     node ./node_modules/gulp/bin/gulp.js serv
23 error You can get information on how to open an issue for this project with:
23 error     npm bugs argon
23 error Or if that isn't available, you can get their info via:
23 error     npm owner ls argon
23 error There is likely additional logging output above.
24 verbose exit [ 1, true ]
